MPLINK 5.01, LINKER
Linker Map File - Created Thu May 15 03:58:08 2014

                                 Section Info
                  Section       Type    Address   Location Size(Bytes)
                ---------  ---------  ---------  ---------  ---------
                   .org_0       code   0x000000    program   0x0000b6
                   .cinit    romdata   0x00005b    program   0x000004
.config_2007_BUILD/DEFAULT/DEBUG/EEPROM.O       code   0x002007    program   0x000002



                              Program Memory Usage 
                               Start         End      
                           ---------   ---------      
                            0x000000    0x00005c      
                            0x002007    0x002007      
            94 out of 8454 program addresses used, program memory utilization is 1%



                              Symbols - Sorted by Name
                     Name    Address   Location    Storage File                     
                ---------  ---------  ---------  --------- ---------                
                execInstr   0x00002c    program     static /Users/EliFriedman/Dropbox/CPU-master/EEPROM.asm
                     iALU   0x000039    program     static /Users/EliFriedman/Dropbox/CPU-master/EEPROM.asm
                  iRotate   0x000038    program     static /Users/EliFriedman/Dropbox/CPU-master/EEPROM.asm
                readInstr   0x00001e    program     static /Users/EliFriedman/Dropbox/CPU-master/EEPROM.asm
                  readReg   0x00000f    program     static /Users/EliFriedman/Dropbox/CPU-master/EEPROM.asm
                    start   0x000058    program     static /Users/EliFriedman/Dropbox/CPU-master/EEPROM.asm
                 writeReg   0x000013    program     static /Users/EliFriedman/Dropbox/CPU-master/EEPROM.asm
              writeStatus   0x000018    program     static /Users/EliFriedman/Dropbox/CPU-master/EEPROM.asm
                 zcomands   0x000030    program     static /Users/EliFriedman/Dropbox/CPU-master/EEPROM.asm



                              Symbols - Sorted by Address
                     Name    Address   Location    Storage File                     
                ---------  ---------  ---------  --------- ---------                
                  readReg   0x00000f    program     static /Users/EliFriedman/Dropbox/CPU-master/EEPROM.asm
                 writeReg   0x000013    program     static /Users/EliFriedman/Dropbox/CPU-master/EEPROM.asm
              writeStatus   0x000018    program     static /Users/EliFriedman/Dropbox/CPU-master/EEPROM.asm
                readInstr   0x00001e    program     static /Users/EliFriedman/Dropbox/CPU-master/EEPROM.asm
                execInstr   0x00002c    program     static /Users/EliFriedman/Dropbox/CPU-master/EEPROM.asm
                 zcomands   0x000030    program     static /Users/EliFriedman/Dropbox/CPU-master/EEPROM.asm
                  iRotate   0x000038    program     static /Users/EliFriedman/Dropbox/CPU-master/EEPROM.asm
                     iALU   0x000039    program     static /Users/EliFriedman/Dropbox/CPU-master/EEPROM.asm
                    start   0x000058    program     static /Users/EliFriedman/Dropbox/CPU-master/EEPROM.asm


